[NX v22.5.4 Daemon Client] - 2026-03-17T17:42:31.467Z - [Client] Starting new daemon server in background
[NX v22.5.4 Daemon Client] - 2026-03-17T17:42:31.473Z - [Client] Waiting for server (max: 6000 attempts, 10ms interval)
Debugger listening on ws://127.0.0.1:34281/dd5028b0-0daf-47a6-b87a-3ec86b6e34e4
For help, see: https://nodejs.org/en/docs/inspector
Debugger attached.
[NX v22.5.4 Daemon Server] - 2026-03-17T17:42:32.002Z - New daemon starting from: /home/usmankhandev/senior-fullstack-dev/angular-projects/chatterly/node_modules/nx/src/daemon/server/server.js
[NX v22.5.4 Daemon Server] - 2026-03-17T17:42:32.004Z - New daemon __dirname: /home/usmankhandev/senior-fullstack-dev/angular-projects/chatterly/node_modules/nx/src/daemon/server
[NX v22.5.4 Daemon Server] - 2026-03-17T17:42:32.005Z - New daemon nxVersion: 22.5.4
[NX v22.5.4 Daemon Server] - 2026-03-17T17:42:32.007Z - New daemon getInstalledNxVersion(): 22.5.4
[NX v22.5.4 Daemon Server] - 2026-03-17T17:42:32.012Z - [Server] Starting outdated check interval (20ms)
[NX v22.5.4 Daemon Server] - 2026-03-17T17:42:32.017Z - Started listening on: /tmp/7f033ecbe1a04898d252/d.sock
[NX v22.5.4 Daemon Client] - 2026-03-17T17:42:32.020Z - [Client] Server available after 51 attempts
[NX v22.5.4 Daemon Client] - 2026-03-17T17:42:32.020Z - [Client] Daemon server started, pid=483728
[NX v22.5.4 Daemon Server] - 2026-03-17T17:42:32.018Z - [WATCHER]: Subscribed to changes within: /home/usmankhandev/senior-fullstack-dev/angular-projects/chatterly (native)
[NX v22.5.4 Daemon Server] - 2026-03-17T17:42:32.022Z - [NX-CONSOLE]: Pulling latest Nx (latest) to check console status...
[NX v22.5.4 Daemon Client] - 2026-03-17T17:42:32.023Z - [Messenger] Setting up socket listeners
[NX v22.5.4 Daemon Client] - 2026-03-17T17:42:32.023Z - [Messenger] listen() complete
[NX v22.5.4 Daemon Client] - 2026-03-17T17:42:32.024Z - [Messenger] Sending message type: REQUEST_PROJECT_GRAPH
[NX v22.5.4 Daemon Client] - 2026-03-17T17:42:32.024Z - [Messenger] Message sent
Fetching nx...
Debugger listening on ws://127.0.0.1:39769/a9cb866a-d84d-4451-ac7d-3d98bef8342b
For help, see: https://nodejs.org/en/docs/inspector
Debugger attached.
Waiting for the debugger to disconnect...
[NX v22.5.4 Daemon Server] - 2026-03-17T17:42:32.470Z - Established a connection. Number of open connections: 1
[NX v22.5.4 Daemon Server] - 2026-03-17T17:42:32.482Z - Established a connection. Number of open connections: 2
[NX v22.5.4 Daemon Server] - 2026-03-17T17:42:32.504Z - Closed a connection. Number of open connections: 1
Debugger listening on ws://127.0.0.1:43779/d067862f-bc58-4ddf-82a1-be009ed1094e
For help, see: https://nodejs.org/en/docs/inspector
[NX v22.5.4 Daemon Server] - 2026-03-17T17:42:32.529Z - Received raw message of length 32
[NX v22.5.4 Daemon Server] - 2026-03-17T17:42:32.544Z - Received json message of type REQUEST_PROJECT_GRAPH
[NX v22.5.4 Daemon Server] - 2026-03-17T17:42:32.544Z - [REQUEST]: Client Request for Project Graph Received
Debugger listening on ws://127.0.0.1:33579/c47946af-1f35-423a-971a-a9a5b3da43fe
For help, see: https://nodejs.org/en/docs/inspector
Debugger listening on ws://127.0.0.1:38699/b7e1a0c5-2feb-44c3-99a1-88f18b77afc2
For help, see: https://nodejs.org/en/docs/inspector
Debugger listening on ws://127.0.0.1:41405/b1199423-1e1d-49f3-9ecf-ba8ed8f5a2eb
For help, see: https://nodejs.org/en/docs/inspector
Debugger listening on ws://127.0.0.1:45457/04e98c61-ee9f-410d-9f67-a1f004ff9be7
For help, see: https://nodejs.org/en/docs/inspector
Debugger listening on ws://127.0.0.1:38995/32fc4e7f-2917-4d6c-9699-8743d43ae6fd
For help, see: https://nodejs.org/en/docs/inspector
Debugger attached.
Debugger attached.
Debugger attached.
Debugger attached.
Debugger attached.
Debugger attached.
Time for 'plugin worker 483801 code loading' 13.156682000000046
[NX v22.5.4 Daemon Server] - 2026-03-17T17:42:33.202Z - Time taken for 'start-plugin-worker:/home/usmankhandev/senior-fullstack-dev/angular-projects/chatterly/node_modules/nx/src/plugins/project-json/build-nodes/project-json' 785.9063120000001ms
[NX v22.5.4 Daemon Server] - 2026-03-17T17:42:33.250Z - Time taken for 'start-plugin-worker:/home/usmankhandev/senior-fullstack-dev/angular-projects/chatterly/node_modules/nx/src/plugins/js' 849.1755469999999ms
Time for 'plugin worker 483797 code loading' 13.394322999999986
Time for 'plugin worker 483798 code loading' 21.474433999999974
[NX v22.5.4 Daemon Server] - 2026-03-17T17:42:33.354Z - Time taken for 'start-plugin-worker:/home/usmankhandev/senior-fullstack-dev/angular-projects/chatterly/node_modules/nx/src/plugins/package-json' 947.2100209999999ms
Time for 'plugin worker 483819 code loading' 20.304888000000005
[NX v22.5.4 Daemon Server] - 2026-03-17T17:42:33.426Z - Time taken for 'start-plugin-worker:@nx/jest/plugin' 977.0723380000001ms
Time for 'plugin worker 483807 code loading' 48.57350700000006
[NX v22.5.4 Daemon Server] - 2026-03-17T17:42:33.531Z - Time taken for 'Load Nx Plugin: /home/usmankhandev/senior-fullstack-dev/angular-projects/chatterly/node_modules/nx/src/plugins/project-json/build-nodes/project-json' 1132.170227ms
[NX v22.5.4 Daemon Server] - 2026-03-17T17:42:33.542Z - Time taken for 'start-plugin-worker:@nx/webpack/plugin' 1115.5267289999997ms
Time for 'plugin worker 483812 code loading' 37.934864999999945
[NX v22.5.4 Daemon Server] - 2026-03-17T17:42:33.558Z - Time taken for 'start-plugin-worker:@nx/eslint/plugin' 1126.2248610000001ms
[NX v22.5.4 Daemon Server] - 2026-03-17T17:42:33.946Z - Time taken for 'Load Nx Plugin: /home/usmankhandev/senior-fullstack-dev/angular-projects/chatterly/node_modules/nx/src/plugins/js' 1548.1173329999997ms
[NX v22.5.4 Daemon Server] - 2026-03-17T17:42:34.128Z - Time taken for 'loadDefaultNxPlugins' 1730.97541ms
[NX v22.5.4 Daemon Server] - 2026-03-17T17:42:34.177Z - Time taken for 'Load Nx Plugin: @nx/jest/plugin' 1777.0143970000001ms
[NX v22.5.4 Daemon Server] - 2026-03-17T17:42:34.455Z - Time taken for 'Load Nx Plugin: @nx/eslint/plugin' 2055.9699299999997ms
[NX v22.5.4 Daemon Server] - 2026-03-17T17:42:34.460Z - [REQUEST]: Updated workspace context based on watched changes, recomputing project graph...
[NX v22.5.4 Daemon Server] - 2026-03-17T17:42:34.465Z - [REQUEST]: 
[NX v22.5.4 Daemon Server] - 2026-03-17T17:42:34.465Z - [REQUEST]: 
[NX v22.5.4 Daemon Server] - 2026-03-17T17:42:34.477Z - Reusing in-memory cached project graph because no files changed.
[NX v22.5.4 Daemon Server] - 2026-03-17T17:42:34.524Z - Time taken for 'loadSpecifiedNxPlugins' 2061.220587ms
[NX v22.5.4 Daemon Client] - 2026-03-17T17:42:34.531Z - [Messenger] Setting up socket listeners
[NX v22.5.4 Daemon Client] - 2026-03-17T17:42:34.532Z - [Messenger] listen() complete
[NX v22.5.4 Daemon Client] - 2026-03-17T17:42:34.533Z - [Messenger] Sending message type: GLOB
[NX v22.5.4 Daemon Client] - 2026-03-17T17:42:34.534Z - [Messenger] Message sent
[NX v22.5.4 Daemon Server] - 2026-03-17T17:42:34.540Z - Established a connection. Number of open connections: 2
[NX v22.5.4 Daemon Server] - 2026-03-17T17:42:34.540Z - Established a connection. Number of open connections: 3
[NX v22.5.4 Daemon Server] - 2026-03-17T17:42:34.543Z - Closed a connection. Number of open connections: 2
[NX v22.5.4 Daemon Client] - 2026-03-17T17:42:34.550Z - [Messenger] Setting up socket listeners
[NX v22.5.4 Daemon Client] - 2026-03-17T17:42:34.551Z - [Messenger] listen() complete
[NX v22.5.4 Daemon Server] - 2026-03-17T17:42:34.554Z - Established a connection. Number of open connections: 3
[NX v22.5.4 Daemon Server] - 2026-03-17T17:42:34.555Z - Established a connection. Number of open connections: 4
[NX v22.5.4 Daemon Server] - 2026-03-17T17:42:34.555Z - Closed a connection. Number of open connections: 3
[NX v22.5.4 Daemon Client] - 2026-03-17T17:42:34.562Z - [Messenger] Sending message type: HASH_GLOB
[NX v22.5.4 Daemon Client] - 2026-03-17T17:42:34.562Z - [Messenger] Message sent
[NX v22.5.4 Daemon Client] - 2026-03-17T17:42:34.562Z - [Messenger] Setting up socket listeners
[NX v22.5.4 Daemon Client] - 2026-03-17T17:42:34.562Z - [Messenger] listen() complete
[NX v22.5.4 Daemon Client] - 2026-03-17T17:42:34.563Z - [Messenger] Sending message type: HASH_MULTI_GLOB
[NX v22.5.4 Daemon Server] - 2026-03-17T17:42:34.563Z - Established a connection. Number of open connections: 4
[NX v22.5.4 Daemon Server] - 2026-03-17T17:42:34.564Z - Established a connection. Number of open connections: 5
[NX v22.5.4 Daemon Server] - 2026-03-17T17:42:34.567Z - Closed a connection. Number of open connections: 4
[NX v22.5.4 Daemon Client] - 2026-03-17T17:42:34.563Z - [Messenger] Message sent
Time for 'nx/js/dependencies-and-lockfile:createNodes' 66.31858299999976
Time for 'daemon-message-serialization-GLOB' 0.11001400000031936
[NX v22.5.4 Daemon Server] - 2026-03-17T17:42:34.721Z - Received raw message of length 73
[NX v22.5.4 Daemon Server] - 2026-03-17T17:42:34.721Z - Received json message of type GLOB
[NX v22.5.4 Daemon Server] - 2026-03-17T17:42:34.726Z - Serializing response for GLOB message in json mode
[NX v22.5.4 Daemon Server] - 2026-03-17T17:42:34.726Z - Responding to GLOB message
[NX v22.5.4 Daemon Server] - 2026-03-17T17:42:34.726Z - [REQUEST]: Responding to the client. handleGlob
[NX v22.5.4 Daemon Server] - 2026-03-17T17:42:34.727Z - Done responding to the client handleGlob
[NX v22.5.4 Daemon Server] - 2026-03-17T17:42:34.727Z - Handled json message GLOB. Handling time: 5. Response time: 1.
[NX v22.5.4 Daemon Client] - 2026-03-17T17:42:34.727Z - [Messenger] Received message, length: 4275
[NX v22.5.4 Daemon Client] - 2026-03-17T17:42:34.729Z - [Messenger] Sending message type: HASH_MULTI_GLOB
[NX v22.5.4 Daemon Client] - 2026-03-17T17:42:34.729Z - [Messenger] Message sent
Time for 'daemon-message-serialization-HASH_GLOB' 0.16514699999970617
[NX v22.5.4 Daemon Server] - 2026-03-17T17:42:34.729Z - Received raw message of length 844
[NX v22.5.4 Daemon Server] - 2026-03-17T17:42:34.729Z - Received json message of type HASH_MULTI_GLOB
[NX v22.5.4 Daemon Server] - 2026-03-17T17:42:34.741Z - Serializing response for HASH_GLOB message in json mode
[NX v22.5.4 Daemon Server] - 2026-03-17T17:42:34.741Z - Responding to HASH_GLOB message
[NX v22.5.4 Daemon Server] - 2026-03-17T17:42:34.741Z - [REQUEST]: Responding to the client. handleHashMultiGlob
[NX v22.5.4 Daemon Server] - 2026-03-17T17:42:34.741Z - Done responding to the client handleHashMultiGlob
[NX v22.5.4 Daemon Server] - 2026-03-17T17:42:34.742Z - Handled json message HASH_GLOB. Handling time: 11. Response time: 1.
[NX v22.5.4 Daemon Server] - 2026-03-17T17:42:34.742Z - Received raw message of length 70
[NX v22.5.4 Daemon Server] - 2026-03-17T17:42:34.742Z - Received json message of type HASH_GLOB
[NX v22.5.4 Daemon Client] - 2026-03-17T17:42:34.744Z - [Messenger] Received message, length: 203
[NX v22.5.4 Daemon Server] - 2026-03-17T17:42:34.750Z - Serializing response for HASH_GLOB message in json mode
[NX v22.5.4 Daemon Server] - 2026-03-17T17:42:34.751Z - Responding to HASH_GLOB message
[NX v22.5.4 Daemon Server] - 2026-03-17T17:42:34.751Z - [REQUEST]: Responding to the client. handleHashGlob
[NX v22.5.4 Daemon Server] - 2026-03-17T17:42:34.751Z - Done responding to the client handleHashGlob
[NX v22.5.4 Daemon Server] - 2026-03-17T17:42:34.751Z - Handled json message HASH_GLOB. Handling time: 8. Response time: 1.
[NX v22.5.4 Daemon Client] - 2026-03-17T17:42:34.751Z - [Messenger] Received message, length: 22
Time for 'GLOB round trip' 194.31191799999988
Time for 'deserialize daemon response - GLOB' 0.15837599999986196
Time for 'daemon-message-serialization-HASH_MULTI_GLOB' 0.03174100000023827
Time for 'daemon-message-serialization-HASH_MULTI_GLOB' 0.1135389999999461
[NX v22.5.4 Daemon Server] - 2026-03-17T17:42:34.778Z - Received raw message of length 188
[NX v22.5.4 Daemon Server] - 2026-03-17T17:42:34.779Z - Received json message of type HASH_MULTI_GLOB
[NX v22.5.4 Daemon Server] - 2026-03-17T17:42:34.789Z - Serializing response for HASH_GLOB message in json mode
[NX v22.5.4 Daemon Server] - 2026-03-17T17:42:34.789Z - Responding to HASH_GLOB message
[NX v22.5.4 Daemon Server] - 2026-03-17T17:42:34.789Z - [REQUEST]: Responding to the client. handleHashMultiGlob
[NX v22.5.4 Daemon Server] - 2026-03-17T17:42:34.789Z - Done responding to the client handleHashMultiGlob
[NX v22.5.4 Daemon Server] - 2026-03-17T17:42:34.790Z - Handled json message HASH_GLOB. Handling time: 10. Response time: 1.
[NX v22.5.4 Daemon Client] - 2026-03-17T17:42:34.790Z - [Messenger] Received message, length: 134
Convert compiler options from json failed, Cannot read file '/home/usmankhandev/senior-fullstack-dev/angular-projects/chatterly/apps/tsconfig.base.json'.
Time for 'HASH_MULTI_GLOB round trip' 15.660953999999947
Time for 'deserialize daemon response - HASH_MULTI_GLOB' 0.030826000000161002
[NX v22.5.4 Daemon Client] - 2026-03-17T17:42:35.472Z - [Messenger] Sending message type: HASH_GLOB
[NX v22.5.4 Daemon Client] - 2026-03-17T17:42:35.472Z - [Messenger] Message sent
[NX v22.5.4 Daemon Server] - 2026-03-17T17:42:35.473Z - Received raw message of length 72
[NX v22.5.4 Daemon Server] - 2026-03-17T17:42:35.473Z - Received json message of type HASH_GLOB
[NX v22.5.4 Daemon Server] - 2026-03-17T17:42:35.475Z - Serializing response for HASH_GLOB message in json mode
[NX v22.5.4 Daemon Server] - 2026-03-17T17:42:35.476Z - Responding to HASH_GLOB message
[NX v22.5.4 Daemon Server] - 2026-03-17T17:42:35.476Z - [REQUEST]: Responding to the client. handleHashGlob
[NX v22.5.4 Daemon Server] - 2026-03-17T17:42:35.476Z - Done responding to the client handleHashGlob
[NX v22.5.4 Daemon Server] - 2026-03-17T17:42:35.476Z - Handled json message HASH_GLOB. Handling time: 2. Response time: 1.
Time for 'HASH_GLOB round trip' 200.11438399999997
Time for 'deserialize daemon response - HASH_GLOB' 0.09346999999979744
Time for 'daemon-message-serialization-HASH_GLOB' 0.02896199999986493
[NX v22.5.4 Daemon Client] - 2026-03-17T17:42:35.477Z - [Messenger] Received message, length: 21
[NX v22.5.4 Daemon Server] - 2026-03-17T17:42:35.757Z - Closed a connection. Number of open connections: 3
[NX v22.5.4 Daemon Server] - 2026-03-17T17:42:37.207Z - Closed a connection. Number of open connections: 2
Convert compiler options from json failed, Cannot read file '/home/usmankhandev/senior-fullstack-dev/angular-projects/chatterly/apps/tsconfig.base.json'.
Convert compiler options from json failed, Cannot read file '/home/usmankhandev/senior-fullstack-dev/angular-projects/chatterly/libs/tsconfig.base.json'.
Convert compiler options from json failed, Cannot read file '/home/usmankhandev/senior-fullstack-dev/angular-projects/chatterly/libs/tsconfig.base.json'.
Convert compiler options from json failed, Cannot read file '/home/usmankhandev/senior-fullstack-dev/angular-projects/chatterly/libs/tsconfig.base.json'.
[NX v22.5.4 Daemon Server] - 2026-03-17T17:42:37.462Z - Time taken for 'build-project-configs' 2957.122268ms
[NX v22.5.4 Daemon Server] - 2026-03-17T17:42:37.561Z - Closed a connection. Number of open connections: 1
[NX v22.5.4 Daemon Server] - 2026-03-17T17:42:38.099Z - [SYNC]: collect registered sync generators
[NX v22.5.4 Daemon Server] - 2026-03-17T17:42:38.106Z - Wrote project graph cache to /home/usmankhandev/senior-fullstack-dev/angular-projects/chatterly/.nx/workspace-data/project-graph.json
[NX v22.5.4 Daemon Server] - 2026-03-17T17:42:38.107Z - Serializing response for REQUEST_PROJECT_GRAPH message in json mode
[NX v22.5.4 Daemon Server] - 2026-03-17T17:42:38.107Z - Responding to REQUEST_PROJECT_GRAPH message
[NX v22.5.4 Daemon Server] - 2026-03-17T17:42:38.107Z - [REQUEST]: Responding to the client. project-graph
[NX v22.5.4 Daemon Server] - 2026-03-17T17:42:38.108Z - Time taken for 'total for creating and serializing project graph' 5562.239666ms
[NX v22.5.4 Daemon Server] - 2026-03-17T17:42:38.111Z - Done responding to the client project-graph
[NX v22.5.4 Daemon Server] - 2026-03-17T17:42:38.111Z - Handled json message REQUEST_PROJECT_GRAPH. Handling time: 5563. Response time: 4.
[NX v22.5.4 Daemon Client] - 2026-03-17T17:42:38.112Z - [Messenger] Received message, length: 585906
[NX v22.5.4 Daemon Client] - 2026-03-17T17:42:38.124Z - [Messenger] Sending message type: PRE_TASKS_EXECUTION
[NX v22.5.4 Daemon Client] - 2026-03-17T17:42:38.124Z - [Messenger] Message sent
[NX v22.5.4 Daemon Server] - 2026-03-17T17:42:38.124Z - Received raw message of length 774
[NX v22.5.4 Daemon Server] - 2026-03-17T17:42:38.124Z - Received json message of type PRE_TASKS_EXECUTION
[NX v22.5.4 Daemon Server] - 2026-03-17T17:42:38.126Z - Serializing response for PRE_TASKS_EXECUTION message in json mode
[NX v22.5.4 Daemon Server] - 2026-03-17T17:42:38.126Z - Responding to PRE_TASKS_EXECUTION message
[NX v22.5.4 Daemon Server] - 2026-03-17T17:42:38.126Z - [REQUEST]: Responding to the client. handleRunPreTasksExecution
[NX v22.5.4 Daemon Client] - 2026-03-17T17:42:38.126Z - [Messenger] Received message, length: 2
[NX v22.5.4 Daemon Server] - 2026-03-17T17:42:38.128Z - Done responding to the client handleRunPreTasksExecution
[NX v22.5.4 Daemon Server] - 2026-03-17T17:42:38.128Z - Handled json message PRE_TASKS_EXECUTION. Handling time: 1. Response time: 2.
[NX v22.5.4 Daemon Server] - 2026-03-17T17:42:38.129Z - Time taken for 'preTasksExecution' 0.9216919999998936ms
[NX v22.5.4 Daemon Client] - 2026-03-17T17:42:38.183Z - [Messenger] Sending message type: HASH_TASKS
[NX v22.5.4 Daemon Client] - 2026-03-17T17:42:38.185Z - [Messenger] Message sent
[NX v22.5.4 Daemon Server] - 2026-03-17T17:42:38.185Z - Received raw message of length 9149
[NX v22.5.4 Daemon Server] - 2026-03-17T17:42:38.186Z - Received json message of type HASH_TASKS
[NX v22.5.4 Daemon Server] - 2026-03-17T17:42:38.187Z - Reusing in-memory cached project graph because no files changed.
DEBUG nx::native::tasks::hash_planner: get_plans_internal COMPLETED in 3.732049ms - processed 1 tasks (setup: 3.282702ms, parallel_planning: 442.434µs)
DEBUG nx::native::tasks::hashers::hash_workspace_files: Hashing workspace fileset with inputs: Adding "4436588623717640471" ("nx.json") to hash
DEBUG nx::native::tasks::hashers::hash_workspace_files: Hashing workspace fileset with inputs: Hash Value: "5153018224344540802"
DEBUG nx::native::tasks::task_hasher: hash_plans COMPLETED in 3.343143ms - processed 1 plans (setup: 265.658µs, hashing: 3.07509ms, assembly: 761.671µs)
[NX v22.5.4 Daemon Server] - 2026-03-17T17:42:38.203Z - Serializing response for HASH_TASKS message in json mode
[NX v22.5.4 Daemon Server] - 2026-03-17T17:42:38.203Z - Responding to HASH_TASKS message
[NX v22.5.4 Daemon Server] - 2026-03-17T17:42:38.203Z - [REQUEST]: Responding to the client. handleHashTasks
[NX v22.5.4 Daemon Server] - 2026-03-17T17:42:38.203Z - Done responding to the client handleHashTasks
[NX v22.5.4 Daemon Server] - 2026-03-17T17:42:38.204Z - Handled json message HASH_TASKS. Handling time: 17. Response time: 1.
[NX v22.5.4 Daemon Client] - 2026-03-17T17:42:38.204Z - [Messenger] Received message, length: 39870
[NX v22.5.4 Daemon Client] - 2026-03-17T17:42:38.215Z - [Messenger] Sending message type: GET_ESTIMATED_TASK_TIMINGS
[NX v22.5.4 Daemon Client] - 2026-03-17T17:42:38.216Z - [Messenger] Message sent
[NX v22.5.4 Daemon Server] - 2026-03-17T17:42:38.216Z - Received raw message of length 84
[NX v22.5.4 Daemon Server] - 2026-03-17T17:42:38.216Z - Received json message of type GET_ESTIMATED_TASK_TIMINGS
[NX v22.5.4 Daemon Server] - 2026-03-17T17:42:38.217Z - Serializing response for GET_ESTIMATED_TASK_TIMINGS message in json mode
[NX v22.5.4 Daemon Server] - 2026-03-17T17:42:38.217Z - Responding to GET_ESTIMATED_TASK_TIMINGS message
[NX v22.5.4 Daemon Server] - 2026-03-17T17:42:38.218Z - [REQUEST]: Responding to the client. handleGetEstimatedTaskTimings
[NX v22.5.4 Daemon Server] - 2026-03-17T17:42:38.218Z - Done responding to the client handleGetEstimatedTaskTimings
[NX v22.5.4 Daemon Client] - 2026-03-17T17:42:38.218Z - [Messenger] Received message, length: 2
[NX v22.5.4 Daemon Server] - 2026-03-17T17:42:38.218Z - Handled json message GET_ESTIMATED_TASK_TIMINGS. Handling time: 1. Response time: 1.
[NX v22.5.4 Daemon Server] - 2026-03-17T17:42:54.235Z - [NX-CONSOLE]: Successfully pulled latest Nx to /tmp/tmp-483728-Sa1yJhIYZh8k
[NX v22.5.4 Daemon Server] - 2026-03-17T17:42:54.491Z - [NX-CONSOLE]: Using local implementation (NX_USE_LOCAL=true or inner call)
DEBUG nx::native::ide::install: Detected editor: VSCode
DEBUG nx::native::ide::install: Checking if Nx Console extension is installed with: code --list-extensions
DEBUG nx::native::ide::install: Nx Console extension is installed
[NX v22.5.4 Daemon Server] - 2026-03-17T17:42:55.764Z - [NX-CONSOLE]: Console status check completed, shouldPrompt: false
[NX v22.5.4 Daemon Client] - 2026-03-17T17:42:58.100Z - [Messenger] Sending message type: RECORD_OUTPUTS_HASH
[NX v22.5.4 Daemon Client] - 2026-03-17T17:42:58.100Z - [Messenger] Message sent
[NX v22.5.4 Daemon Server] - 2026-03-17T17:42:58.102Z - Received raw message of length 82
[NX v22.5.4 Daemon Server] - 2026-03-17T17:42:58.103Z - Received json message of type RECORD_OUTPUTS_HASH
[NX v22.5.4 Daemon Server] - 2026-03-17T17:42:58.103Z - Serializing response for RECORD_OUTPUTS_HASH message in json mode
[NX v22.5.4 Daemon Server] - 2026-03-17T17:42:58.103Z - Responding to RECORD_OUTPUTS_HASH message
[NX v22.5.4 Daemon Server] - 2026-03-17T17:42:58.103Z - [REQUEST]: Responding to the client. recordOutputsHash
[NX v22.5.4 Daemon Server] - 2026-03-17T17:42:58.103Z - Done responding to the client recordOutputsHash
[NX v22.5.4 Daemon Server] - 2026-03-17T17:42:58.104Z - Handled json message RECORD_OUTPUTS_HASH. Handling time: 0. Response time: 1.
[NX v22.5.4 Daemon Client] - 2026-03-17T17:42:58.104Z - [Messenger] Received message, length: 2
[NX v22.5.4 Daemon Client] - 2026-03-17T17:42:58.111Z - [Messenger] Sending message type: RECORD_TASK_RUNS
[NX v22.5.4 Daemon Client] - 2026-03-17T17:42:58.111Z - [Messenger] Message sent
[NX v22.5.4 Daemon Server] - 2026-03-17T17:42:58.112Z - Received raw message of length 204
[NX v22.5.4 Daemon Server] - 2026-03-17T17:42:58.112Z - Received json message of type RECORD_TASK_RUNS
[NX v22.5.4 Daemon Server] - 2026-03-17T17:42:58.122Z - Serializing response for RECORD_TASK_RUNS message in json mode
[NX v22.5.4 Daemon Server] - 2026-03-17T17:42:58.122Z - Responding to RECORD_TASK_RUNS message
[NX v22.5.4 Daemon Server] - 2026-03-17T17:42:58.122Z - [REQUEST]: Responding to the client. handleRecordTaskRuns
[NX v22.5.4 Daemon Server] - 2026-03-17T17:42:58.122Z - Done responding to the client handleRecordTaskRuns
[NX v22.5.4 Daemon Server] - 2026-03-17T17:42:58.122Z - Handled json message RECORD_TASK_RUNS. Handling time: 6. Response time: 0.
[NX v22.5.4 Daemon Client] - 2026-03-17T17:42:58.125Z - [Messenger] Received message, length: 4
[NX v22.5.4 Daemon Client] - 2026-03-17T17:42:58.127Z - [Messenger] Sending message type: POST_TASKS_EXECUTION
[NX v22.5.4 Daemon Client] - 2026-03-17T17:42:58.127Z - [Messenger] Message sent
[NX v22.5.4 Daemon Server] - 2026-03-17T17:42:58.129Z - Received raw message of length 28728
[NX v22.5.4 Daemon Server] - 2026-03-17T17:42:58.130Z - Received json message of type POST_TASKS_EXECUTION
[NX v22.5.4 Daemon Server] - 2026-03-17T17:42:58.131Z - Serializing response for POST_TASKS_EXECUTION message in json mode
[NX v22.5.4 Daemon Server] - 2026-03-17T17:42:58.131Z - Responding to POST_TASKS_EXECUTION message
[NX v22.5.4 Daemon Server] - 2026-03-17T17:42:58.131Z - [REQUEST]: Responding to the client. handleRunPostTasksExecution
[NX v22.5.4 Daemon Server] - 2026-03-17T17:42:58.131Z - Done responding to the client handleRunPostTasksExecution
[NX v22.5.4 Daemon Server] - 2026-03-17T17:42:58.131Z - Handled json message POST_TASKS_EXECUTION. Handling time: 1. Response time: 0.
[NX v22.5.4 Daemon Server] - 2026-03-17T17:42:58.131Z - Time taken for 'postTasksExecution' 0.38028200000189827ms
[NX v22.5.4 Daemon Client] - 2026-03-17T17:42:58.135Z - [Messenger] Received message, length: 4
[NX v22.5.4 Daemon Server] - 2026-03-17T17:42:58.249Z - Closed a connection. Number of open connections: 0
